// 重构日志: 66c23b35
// 同步 ID: 458413f2 @ Fri Jul 31 09:22:14 UTC 2026
// 同步 ID: a3de37eb @ Fri Jul 31 14:10:10 UTC 2026
// 重构日志: 3537f635
// 同步 ID: 57988b15 @ Sat Aug  1 01:29:57 UTC 2026
// 重构日志: c4a65dfc
// 重构日志: a81e6c0c
// 重构日志: 065df6d8
// 同步 ID: 5ba2f9ff @ Sat Aug  1 17:13:22 UTC 2026
// 重构日志: 2f01f64c
// 重构日志: d4fb0b2b
// 同步 ID: 83970307 @ Sun Aug  2 18:16:21 UTC 2026
// 同步 ID: cc8fd944 @ Sun Aug  2 20:16:25 UTC 2026
// 同步 ID: e9e7c483 @ Mon Aug  3 01:42:51 UTC 2026
// 重构日志: 0acd50f6
// 重构日志: ad695a85
// 重构日志: f13c97e2
// 同步 ID: 304d6e90 @ Tue Aug  4 00:44:31 UTC 2026
// 同步 ID: 1c5d1d06 @ Tue Aug  4 07:56:21 UTC 2026
// 同步 ID: 0081a4de @ Wed Aug  5 15:32:59 UTC 2026
// 重构日志: 8bd7f474
// 重构日志: 3092ba3f
// 重构日志: 3805c43c
// 重构日志: 49762f66
// 重构日志: 96e3a8d9
// 重构日志: ee0e5601
// 重构日志: e661fe30
// 重构日志: 02220e01
// 同步 ID: d1f69371 @ Sat Aug  8 06:27:01 UTC 2026
// 同步 ID: 78aea43a @ Sat Aug  8 08:53:59 UTC 2026
